[backblue.gif]
[fade.gif]
[index.html]
[demo.gridgum.com/templates/Travel-agency/js/jquery.js]
[demo.gridgum.com/templates/Travel-agency/js/jquery-ui.js]
[demo.gridgum.com/templates/Travel-agency/js/jquery-migrate-1.2.1.min.js]
[demo.gridgum.com/templates/Travel-agency/js/jquery.easing.1.3.js]
[demo.gridgum.com/templates/Travel-agency/js/superfish.js]
[demo.gridgum.com/templates/Travel-agency/js/select2.js]
[demo.gridgum.com/templates/Travel-agency/js/jquery.parallax-1.1.3.resize.js]
[demo.gridgum.com/templates/Travel-agency/js/SmoothScroll.js]
[demo.gridgum.com/templates/Travel-agency/js/jquery.appear.js]
[demo.gridgum.com/templates/Travel-agency/js/jquery.caroufredsel.js]
[demo.gridgum.com/templates/Travel-agency/js/jquery.touchSwipe.min.js]
[demo.gridgum.com/templates/Travel-agency/js/jquery.ui.totop.js]
[demo.gridgum.com/templates/Travel-agency/js/script.js]
[demo.gridgum.com/templates/Travel-agency/images/logo.png]
[demo.gridgum.com/templates/Travel-agency/images/why1.png]
[demo.gridgum.com/templates/Travel-agency/images/why1_hover.png]
[demo.gridgum.com/templates/Travel-agency/images/why2.png]
[demo.gridgum.com/templates/Travel-agency/images/why2_hover.png]
[demo.gridgum.com/templates/Travel-agency/images/why3.png]
[demo.gridgum.com/templates/Travel-agency/images/why3_hover.png]
[demo.gridgum.com/templates/Travel-agency/images/why4.png]
[demo.gridgum.com/templates/Travel-agency/images/why4_hover.png]
[demo.gridgum.com/templates/Travel-agency/images/popular01.jpg]
[demo.gridgum.com/templates/Travel-agency/images/star1.png]
[demo.gridgum.com/templates/Travel-agency/images/star2.png]
[demo.gridgum.com/templates/Travel-agency/images/popular02.jpg]
[demo.gridgum.com/templates/Travel-agency/images/popular03.jpg]
[demo.gridgum.com/templates/Travel-agency/images/people.png]
[demo.gridgum.com/templates/Travel-agency/images/partner1.jpg]
[demo.gridgum.com/templates/Travel-agency/images/partner1_hover.jpg]
[demo.gridgum.com/templates/Travel-agency/images/partner2.jpg]
[demo.gridgum.com/templates/Travel-agency/images/partner2_hover.jpg]
[demo.gridgum.com/templates/Travel-agency/images/partner3.jpg]
[demo.gridgum.com/templates/Travel-agency/images/partner3_hover.jpg]
[demo.gridgum.com/templates/Travel-agency/images/partner4.jpg]
[demo.gridgum.com/templates/Travel-agency/images/partner4_hover.jpg]
[demo.gridgum.com/templates/Travel-agency/images/partner5.jpg]
[demo.gridgum.com/templates/Travel-agency/images/partner5_hover.jpg]
[demo.gridgum.com/templates/Travel-agency/images/partner6.jpg]
[demo.gridgum.com/templates/Travel-agency/images/partner6_hover.jpg]
[demo.gridgum.com/templates/Travel-agency/images/logo2.png]
[demo.gridgum.com/templates/Travel-agency/js/bootstrap.min.js]
[demo.gridgum.com/templates/Travel-agency/index.html]
[demo.gridgum.com/templates/Travel-agency/fonts/glyphicons-halflings-regular.eot]
[demo.gridgum.com/templates/Travel-agency/fonts/glyphicons-halflings-regulard41d.eot]
[demo.gridgum.com/templates/Travel-agency/fonts/glyphicons-halflings-regular.woff]
[demo.gridgum.com/templates/Travel-agency/fonts/glyphicons-halflings-regular.ttf]
[demo.gridgum.com/templates/Travel-agency/css/bootstrap.css]
[demo.gridgum.com/templates/Travel-agency/fonts/fontawesome-webfont862f.eot]
[demo.gridgum.com/templates/Travel-agency/fonts/fontawesome-webfontd41d.eot]
[demo.gridgum.com/templates/Travel-agency/fonts/fontawesome-webfont862f.woff]
[demo.gridgum.com/templates/Travel-agency/fonts/fontawesome-webfont862f.ttf]
[demo.gridgum.com/templates/Travel-agency/css/font-awesome.css]
[demo.gridgum.com/templates/Travel-agency/css/animate.css]
[demo.gridgum.com/templates/Travel-agency/css/select2.css]
[demo.gridgum.com/templates/Travel-agency/css/smoothness/images/ui-bg_flat_75_ffffff_40x100.png]
[demo.gridgum.com/templates/Travel-agency/css/smoothness/images/ui-bg_highlight-soft_75_cccccc_1x100.png]
[demo.gridgum.com/templates/Travel-agency/css/smoothness/images/ui-bg_glass_75_e6e6e6_1x400.png]
[demo.gridgum.com/templates/Travel-agency/css/smoothness/images/ui-bg_glass_75_dadada_1x400.png]
[demo.gridgum.com/templates/Travel-agency/css/smoothness/images/ui-bg_glass_65_ffffff_1x400.png]
[demo.gridgum.com/templates/Travel-agency/css/smoothness/images/ui-bg_glass_55_fbf9ee_1x400.png]
[demo.gridgum.com/templates/Travel-agency/css/smoothness/images/ui-bg_glass_95_fef1ec_1x400.png]
[demo.gridgum.com/templates/Travel-agency/css/smoothness/images/ui-icons_222222_256x240.png]
[demo.gridgum.com/templates/Travel-agency/css/smoothness/images/ui-icons_888888_256x240.png]
[demo.gridgum.com/templates/Travel-agency/css/smoothness/images/ui-icons_454545_256x240.png]
[demo.gridgum.com/templates/Travel-agency/css/smoothness/images/ui-icons_2e83ff_256x240.png]
[demo.gridgum.com/templates/Travel-agency/css/smoothness/images/ui-icons_cd0a0a_256x240.png]
[demo.gridgum.com/templates/Travel-agency/css/smoothness/images/ui-bg_flat_0_aaaaaa_40x100.png]
[demo.gridgum.com/templates/Travel-agency/css/smoothness/jquery-ui-1.10.0.custom.css]
[demo.gridgum.com/templates/Travel-agency/images/email1.png]
[demo.gridgum.com/templates/Travel-agency/images/phone1.png]
[demo.gridgum.com/templates/Travel-agency/images/flag_en.png]
[demo.gridgum.com/templates/Travel-agency/images/arr0.png]
[demo.gridgum.com/templates/Travel-agency/images/flag_ge.png]
[demo.gridgum.com/templates/Travel-agency/images/flag_ru.png]
[demo.gridgum.com/templates/Travel-agency/images/pagination.png]
[demo.gridgum.com/templates/Travel-agency/images/pagination_hover.png]
[demo.gridgum.com/templates/Travel-agency/images/video-loader.gif]
[demo.gridgum.com/templates/Travel-agency/images/prev.png]
[demo.gridgum.com/templates/Travel-agency/images/next.png]
[demo.gridgum.com/templates/Travel-agency/images/q1.png]
[demo.gridgum.com/templates/Travel-agency/images/prev3.png]
[demo.gridgum.com/templates/Travel-agency/images/next3.png]
[demo.gridgum.com/templates/Travel-agency/images/flights.png]
[demo.gridgum.com/templates/Travel-agency/images/flights_hover.png]
[demo.gridgum.com/templates/Travel-agency/images/hotels.png]
[demo.gridgum.com/templates/Travel-agency/images/hotels_hover.png]
[demo.gridgum.com/templates/Travel-agency/images/cars.png]
[demo.gridgum.com/templates/Travel-agency/images/cars_hover.png]
[demo.gridgum.com/templates/Travel-agency/images/cruises.png]
[demo.gridgum.com/templates/Travel-agency/images/cruises_hover.png]
[demo.gridgum.com/templates/Travel-agency/images/a1.png]
[demo.gridgum.com/templates/Travel-agency/images/m2.png]
[demo.gridgum.com/templates/Travel-agency/images/free-wifi.png]
[demo.gridgum.com/templates/Travel-agency/images/parking.png]
[demo.gridgum.com/templates/Travel-agency/images/no-parking.png]
[demo.gridgum.com/templates/Travel-agency/images/no-smoking.png]
[demo.gridgum.com/templates/Travel-agency/images/breakfast.png]
[demo.gridgum.com/templates/Travel-agency/images/airport-shuttle.png]
[demo.gridgum.com/templates/Travel-agency/images/arr1_hover.png]
[demo.gridgum.com/templates/Travel-agency/images/about_banner.jpg]
[demo.gridgum.com/templates/Travel-agency/images/gallery_banner.jpg]
[demo.gridgum.com/templates/Travel-agency/images/li_st2.png]
[demo.gridgum.com/templates/Travel-agency/images/blockquote1.png]
[demo.gridgum.com/templates/Travel-agency/images/prev2.png]
[demo.gridgum.com/templates/Travel-agency/images/prev2_hover.png]
[demo.gridgum.com/templates/Travel-agency/images/next2.png]
[demo.gridgum.com/templates/Travel-agency/images/next2_hover.png]
[demo.gridgum.com/templates/Travel-agency/images/star_rating.png]
[demo.gridgum.com/templates/Travel-agency/images/ch1.png]
[demo.gridgum.com/templates/Travel-agency/images/ch2.png]
[demo.gridgum.com/templates/Travel-agency/images/slider.jpg]
[demo.gridgum.com/templates/Travel-agency/images/pagination2.png]
[demo.gridgum.com/templates/Travel-agency/images/pagination2_hover.png]
[demo.gridgum.com/templates/Travel-agency/images/happy1.jpg]
[demo.gridgum.com/templates/Travel-agency/images/social_ic1.png]
[demo.gridgum.com/templates/Travel-agency/images/social_ic2.png]
[demo.gridgum.com/templates/Travel-agency/images/social_ic3.png]
[demo.gridgum.com/templates/Travel-agency/images/social_ic4.png]
[demo.gridgum.com/templates/Travel-agency/images/social_ic5.png]
[demo.gridgum.com/templates/Travel-agency/images/social_ic6.png]
[demo.gridgum.com/templates/Travel-agency/images/newsletter.png]
[demo.gridgum.com/templates/Travel-agency/images/parallax1.jpg]
[demo.gridgum.com/templates/Travel-agency/images/parallax2.jpg]
[demo.gridgum.com/templates/Travel-agency/images/caret.png]
[demo.gridgum.com/templates/Travel-agency/images/totop.gif]
[demo.gridgum.com/templates/Travel-agency/images/arr1.png]
[demo.gridgum.com/templates/Travel-agency/images/li_st3.png]
[demo.gridgum.com/templates/Travel-agency/images/li_st3_hover.png]
[demo.gridgum.com/templates/Travel-agency/images/li_st4.png]
[demo.gridgum.com/templates/Travel-agency/images/li_st4_hover.png]
[demo.gridgum.com/templates/Travel-agency/images/type1.png]
[demo.gridgum.com/templates/Travel-agency/images/type1_hover.png]
[demo.gridgum.com/templates/Travel-agency/images/type2.png]
[demo.gridgum.com/templates/Travel-agency/images/type3_hover.png]
[demo.gridgum.com/templates/Travel-agency/images/type3.png]
[demo.gridgum.com/templates/Travel-agency/images/btn1.png]
[demo.gridgum.com/templates/Travel-agency/images/btn1_hover.png]
[demo.gridgum.com/templates/Travel-agency/images/slider_large.jpg]
[demo.gridgum.com/templates/Travel-agency/css/style.css]
[demo.gridgum.com/templates/Travel-agency/js/jquery.superslides.js]
[demo.gridgum.com/templates/Travel-agency/images/slide01.jpg]
[demo.gridgum.com/templates/Travel-agency/images/slide02.jpg]
[demo.gridgum.com/templates/Travel-agency/index-2.html]
[demo.gridgum.com/templates/Travel-agency/video/mecovache.mp4]
[demo.gridgum.com/templates/Travel-agency/index-1.html]
[demo.gridgum.com/templates/Travel-agency/about.html]
[demo.gridgum.com/templates/Travel-agency/gallery.html]
[demo.gridgum.com/templates/Travel-agency/flights.html]
[demo.gridgum.com/templates/Travel-agency/search-flights.html]
[demo.gridgum.com/templates/Travel-agency/booking-flights.html]
[demo.gridgum.com/templates/Travel-agency/booking-flights-page.html]
[demo.gridgum.com/templates/Travel-agency/hotels.html]
[demo.gridgum.com/templates/Travel-agency/search-hotel.html]
[demo.gridgum.com/templates/Travel-agency/booking-hotel.html]
[demo.gridgum.com/templates/Travel-agency/booking-hotel-page.html]
[demo.gridgum.com/templates/Travel-agency/cars.html]
[demo.gridgum.com/templates/Travel-agency/search-cars.html]
[demo.gridgum.com/templates/Travel-agency/booking-cars.html]
[demo.gridgum.com/templates/Travel-agency/booking-cars-page.html]
[demo.gridgum.com/templates/Travel-agency/cruises.html]
[demo.gridgum.com/templates/Travel-agency/search-cruise.html]
[demo.gridgum.com/templates/Travel-agency/booking-cruise.html]
[demo.gridgum.com/templates/Travel-agency/booking-cruise-page.html]
[demo.gridgum.com/templates/Travel-agency/blog.html]
[demo.gridgum.com/templates/Travel-agency/left-blog.html]
[demo.gridgum.com/templates/Travel-agency/post.html]
[demo.gridgum.com/templates/Travel-agency/left-post.html]
[demo.gridgum.com/templates/Travel-agency/full-post.html]
[demo.gridgum.com/templates/Travel-agency/contacts.html]
[demo.gridgum.com/templates/Travel-agency/fonts/glyphicons-halflings-regular.svg]
[demo.gridgum.com/templates/Travel-agency/fonts/fontawesome-webfont862f.svg]
[demo.gridgum.com/templates/Travel-agency/css/smoothness/images/animated-overlay.html]
[demo.gridgum.com/templates/Travel-agency/index.htmlindex-2.html]
[demo.gridgum.com/templates/Travel-agency/css/superslides.css]
[demo.gridgum.com/templates/Travel-agency/index.htmlindex-1.html]
[demo.gridgum.com/templates/Travel-agency/index.htmlhotels.html]
